namespace HealthChecks.Azure.Storage.Files.Shares
{
    public sealed class AzureFileShareHealthCheck : Microsoft.Extensions.Diagnostics.HealthChecks.IHealthCheck
    {
        public AzureFileShareHealthCheck(Azure.Storage.Files.Shares.ShareServiceClient shareServiceClient, HealthChecks.Azure.Storage.Files.Shares.AzureFileShareHealthCheckOptions? options) { }
        public System.Threading.Tasks.Task<Microsoft.Extensions.Diagnostics.HealthChecks.HealthCheckResult> CheckHealthAsync(Microsoft.Extensions.Diagnostics.HealthChecks.HealthCheckContext context, System.Threading.CancellationToken cancellationToken = default) { }
    }
    public sealed class AzureFileShareHealthCheckOptions
    {
        public AzureFileShareHealthCheckOptions() { }
        public string? ShareName { get; set; }
    }
}
namespace Microsoft.Extensions.DependencyInjection
{
    public static class AzureFileShareStorageHealthChecksBuilderExtensions
    {
        public static Microsoft.Extensions.DependencyInjection.IHealthChecksBuilder AddAzureFileShare(this Microsoft.Extensions.DependencyInjection.IHealthChecksBuilder builder, System.Func<System.IServiceProvider, Azure.Storage.Files.Shares.ShareServiceClient>? clientFactory = null, System.Func<System.IServiceProvider, HealthChecks.Azure.Storage.Files.Shares.AzureFileShareHealthCheckOptions>? optionsFactory = null, string? name = "azure_file_share", Microsoft.Extensions.Diagnostics.HealthChecks.HealthStatus? failureStatus = default, System.Collections.Generic.IEnumerable<string>? tags = null, System.TimeSpan? timeout = default) { }
    }
}