namespace HealthChecks.Activemq
{
    public static class ActiveMQHealthCheckBuilderExtensions
    {
        public static Microsoft.Extensions.DependencyInjection.IHealthChecksBuilder AddActiveMQ(this Microsoft.Extensions.DependencyInjection.IHealthChecksBuilder builder, string? name, Microsoft.Extensions.Diagnostics.HealthChecks.HealthStatus? failureStatus = default, System.Collections.Generic.IEnumerable<string>? tags = null, System.TimeSpan? timeout = default) { }
        public static Microsoft.Extensions.DependencyInjection.IHealthChecksBuilder AddActiveMQ(this Microsoft.Extensions.DependencyInjection.IHealthChecksBuilder builder, string? name, Amqp.IConnection connection, Microsoft.Extensions.Diagnostics.HealthChecks.HealthStatus? failureStatus = default, System.Collections.Generic.IEnumerable<string>? tags = null, System.TimeSpan? timeout = default) { }
    }
    public class ActiveMqHealthCheck : Microsoft.Extensions.Diagnostics.HealthChecks.IHealthCheck
    {
        public ActiveMqHealthCheck(Amqp.IConnection connection) { }
        public System.Threading.Tasks.Task<Microsoft.Extensions.Diagnostics.HealthChecks.HealthCheckResult> CheckHealthAsync(Microsoft.Extensions.Diagnostics.HealthChecks.HealthCheckContext context, System.Threading.CancellationToken cancellationToken = default) { }
    }
}