namespace HealthChecks.SurrealDb
{
    public class SurrealDbHealthCheck : Microsoft.Extensions.Diagnostics.HealthChecks.IHealthCheck
    {
        public SurrealDbHealthCheck(HealthChecks.SurrealDb.SurrealDbHealthCheckOptions options) { }
        public System.Threading.Tasks.Task<Microsoft.Extensions.Diagnostics.HealthChecks.HealthCheckResult> CheckHealthAsync(Microsoft.Extensions.Diagnostics.HealthChecks.HealthCheckContext context, System.Threading.CancellationToken cancellationToken = default) { }
    }
    public class SurrealDbHealthCheckOptions
    {
        public SurrealDbHealthCheckOptions() { }
        public System.Action<SurrealDb.Net.ISurrealDbClient>? Configure { get; set; }
        public string ConnectionString { get; set; }
        public System.Func<object?, Microsoft.Extensions.Diagnostics.HealthChecks.HealthCheckResult>? HealthCheckResultBuilder { get; set; }
        public string? Query { get; set; }
    }
}
namespace Microsoft.Extensions.DependencyInjection
{
    public static class SurrealDbHealthCheckBuilderExtensions
    {
        public static Microsoft.Extensions.DependencyInjection.IHealthChecksBuilder AddSurreal(this Microsoft.Extensions.DependencyInjection.IHealthChecksBuilder builder, HealthChecks.SurrealDb.SurrealDbHealthCheckOptions options, string? name = null, Microsoft.Extensions.Diagnostics.HealthChecks.HealthStatus? failureStatus = default, System.Collections.Generic.IEnumerable<string>? tags = null, System.TimeSpan? timeout = default) { }
        public static Microsoft.Extensions.DependencyInjection.IHealthChecksBuilder AddSurreal(this Microsoft.Extensions.DependencyInjection.IHealthChecksBuilder builder, System.Func<System.IServiceProvider, string> connectionStringFactory, string? healthQuery = null, System.Action<SurrealDb.Net.ISurrealDbClient>? configure = null, string? name = null, Microsoft.Extensions.Diagnostics.HealthChecks.HealthStatus? failureStatus = default, System.Collections.Generic.IEnumerable<string>? tags = null, System.TimeSpan? timeout = default) { }
        public static Microsoft.Extensions.DependencyInjection.IHealthChecksBuilder AddSurreal(this Microsoft.Extensions.DependencyInjection.IHealthChecksBuilder builder, string connectionString, string? healthQuery = null, System.Action<SurrealDb.Net.ISurrealDbClient>? configure = null, string? name = null, Microsoft.Extensions.Diagnostics.HealthChecks.HealthStatus? failureStatus = default, System.Collections.Generic.IEnumerable<string>? tags = null, System.TimeSpan? timeout = default) { }
    }
}