namespace HealthChecks.Vault
{
    public class VaultHealthChecks : Microsoft.Extensions.Diagnostics.HealthChecks.IHealthCheck
    {
        public VaultHealthChecks(VaultSharp.IVaultClient vaultClient) { }
        public System.Threading.Tasks.Task<Microsoft.Extensions.Diagnostics.HealthChecks.HealthCheckResult> CheckHealthAsync(Microsoft.Extensions.Diagnostics.HealthChecks.HealthCheckContext context, System.Threading.CancellationToken cancellationToken = default) { }
    }
}
namespace Microsoft.Extensions.DependencyInjection
{
    public static class VaultHealthChecksBuilderExtension
    {
        public static Microsoft.Extensions.DependencyInjection.IHealthChecksBuilder AddVault(this Microsoft.Extensions.DependencyInjection.IHealthChecksBuilder builder, System.Func<System.IServiceProvider, VaultSharp.IVaultClient>? clientFactory = null, string? name = null, Microsoft.Extensions.Diagnostics.HealthChecks.HealthStatus? failureStatus = default, System.Collections.Generic.IEnumerable<string>? tags = null, System.TimeSpan? timeout = default) { }
    }
}