namespace HealthChecks.RabbitMQ
{
    public class RabbitMQHealthCheck : Microsoft.Extensions.Diagnostics.HealthChecks.IHealthCheck
    {
        public RabbitMQHealthCheck(HealthChecks.RabbitMQ.RabbitMQHealthCheckOptions options) { }
        public System.Threading.Tasks.Task<Microsoft.Extensions.Diagnostics.HealthChecks.HealthCheckResult> CheckHealthAsync(Microsoft.Extensions.Diagnostics.HealthChecks.HealthCheckContext context, System.Threading.CancellationToken cancellationToken = default) { }
    }
    public class RabbitMQHealthCheckOptions
    {
        public RabbitMQHealthCheckOptions() { }
        public RabbitMQ.Client.IConnection? Connection { get; set; }
        public RabbitMQ.Client.IConnectionFactory? ConnectionFactory { get; set; }
        public System.Uri? ConnectionUri { get; set; }
        public System.TimeSpan? RequestedConnectionTimeout { get; set; }
        public RabbitMQ.Client.SslOption? Ssl { get; set; }
    }
}
namespace Microsoft.Extensions.DependencyInjection
{
    public static class RabbitMQHealthCheckBuilderExtensions
    {
        public static Microsoft.Extensions.DependencyInjection.IHealthChecksBuilder AddRabbitMQ(this Microsoft.Extensions.DependencyInjection.IHealthChecksBuilder builder, string? name = null, Microsoft.Extensions.Diagnostics.HealthChecks.HealthStatus? failureStatus = default, System.Collections.Generic.IEnumerable<string>? tags = null, System.TimeSpan? timeout = default) { }
        public static Microsoft.Extensions.DependencyInjection.IHealthChecksBuilder AddRabbitMQ(this Microsoft.Extensions.DependencyInjection.IHealthChecksBuilder builder, System.Action<HealthChecks.RabbitMQ.RabbitMQHealthCheckOptions>? setup, string? name = null, Microsoft.Extensions.Diagnostics.HealthChecks.HealthStatus? failureStatus = default, System.Collections.Generic.IEnumerable<string>? tags = null, System.TimeSpan? timeout = default) { }
        public static Microsoft.Extensions.DependencyInjection.IHealthChecksBuilder AddRabbitMQ(this Microsoft.Extensions.DependencyInjection.IHealthChecksBuilder builder, System.Action<System.IServiceProvider, HealthChecks.RabbitMQ.RabbitMQHealthCheckOptions>? setup, string? name = null, Microsoft.Extensions.Diagnostics.HealthChecks.HealthStatus? failureStatus = default, System.Collections.Generic.IEnumerable<string>? tags = null, System.TimeSpan? timeout = default) { }
        public static Microsoft.Extensions.DependencyInjection.IHealthChecksBuilder AddRabbitMQ(this Microsoft.Extensions.DependencyInjection.IHealthChecksBuilder builder, string rabbitConnectionString, RabbitMQ.Client.SslOption? sslOption = null, string? name = null, Microsoft.Extensions.Diagnostics.HealthChecks.HealthStatus? failureStatus = default, System.Collections.Generic.IEnumerable<string>? tags = null, System.TimeSpan? timeout = default) { }
        public static Microsoft.Extensions.DependencyInjection.IHealthChecksBuilder AddRabbitMQ(this Microsoft.Extensions.DependencyInjection.IHealthChecksBuilder builder, System.Uri rabbitConnectionString, RabbitMQ.Client.SslOption? sslOption = null, string? name = null, Microsoft.Extensions.Diagnostics.HealthChecks.HealthStatus? failureStatus = default, System.Collections.Generic.IEnumerable<string>? tags = null, System.TimeSpan? timeout = default) { }
    }
}